pvadm000
pvadm001
pvadm002
pvadm003
pvadm004
pvadm005
pvadm006
pvadm007
pvadm008
pvadm009
pvier000
pvier001
pvier002
pvier003
pvier004
pvier005
pvier006
pvier007
pvier008
pvier009
pvier010
pvier011
pvier012
pvier013
pvier014
pvier015
pvier016
pvier017
pvier018
pvier019
pvier020
pvier021
pvier022
pvier023
pvier024
pvier025
pvier026
pvier027
pvier028
pvier029
pvier030
pvier031
pvier032
pvier033
pvier034
pvier035
pvier036
pvier037
pvier038
pvier039
pvier040
pvier041
pvier042
pvier043
pvier044
pvier045
pvier046
pvier047
pvier048
pvier049
pvier050
pvier051
pvier052
pvier053
pvier054
pvier055
pvier056
pvier057
pvier058
pvier059
pvier060
pvier061
pvier062
pvier063
pvier064
pvier065
pvier066
pvier067
pvier068
pvier069
pvier070
pvier071
pvier072
pvier073
pvier074
pvier075
pvier076
pvier077
pvier078
pvier079
pvier080
pvier081
pvier082
pvier083
pvier084
pvier085
pvier086
pvier087
pvier088
pvier089
pvier090
pvier091
pvier092
pvier093
pvier094
pvier095
pvier096
pvier097
pvier098
pvier099
