Installed

ops
pvier

Configured

pvier

Disabled

